Blockhouse Games            24 listings  in_stock=24 out_of_stock=0 preorder=0 unknown=0            unknown   0.0%  text_map
Casagrande                  48 listings  in_stock=41 out_of_stock=7 preorder=0 unknown=0            unknown   0.0%  presence
Elli Madelli                24 listings  in_stock=24 out_of_stock=0 preorder=0 unknown=0            unknown   0.0%  presence
Fantasialinna               12 listings  in_stock=12 out_of_stock=0 preorder=0 unknown=0            unknown   0.0%  text_map
Flea Lelukauppa              9 listings  in_stock=8 out_of_stock=1 preorder=0 unknown=0             unknown   0.0%  text_map,presence
God of Cards                27 listings  in_stock=27 out_of_stock=0 preorder=0 unknown=0            unknown   0.0%  text_map,presence  [no matches: .badge--sold-out]
Karkkainen.com verkkokau    57 listings  in_stock=0 out_of_stock=0 preorder=0 unknown=57            unknown 100.0%  (none)
WARNING Suspicious price 35995.00 from '€359.95' — returning None (site: KaruKortti)
WARNING Suspicious price 15495.00 from '€154.95' — returning None (site: KaruKortti)
WARNING Suspicious price 24595.00 from '€245.95' — returning None (site: KaruKortti)
WARNING Suspicious price 21795.00 from '€217.95' — returning None (site: KaruKortti)
WARNING Suspicious price 19995.00 from '€199.95' — returning None (site: KaruKortti)
WARNING Suspicious price 13495.00 from '€134.95' — returning None (site: KaruKortti)
WARNING Suspicious price 14995.00 from '€149.95' — returning None (site: KaruKortti)
WARNING Suspicious price 13745.00 from '€137.45' — returning None (site: KaruKortti)
WARNING Suspicious price 4295.00 from '€42.95' — returning None (site: KaruKortti)
WARNING Suspicious price 3995.00 from '€39.95' — returning None (site: KaruKortti)
WARNING Suspicious price 2995.00 from '€29.95' — returning None (site: KaruKortti)
WARNING Suspicious price 2995.00 from '€29.95' — returning None (site: KaruKortti)
WARNING Suspicious price 18995.00 from '€189.95' — returning None (site: KaruKortti)
WARNING Suspicious price 6995.00 from '€69.95' — returning None (site: KaruKortti)
WARNING Suspicious price 4495.00 from '€44.95' — returning None (site: KaruKortti)
WARNING Suspicious price 4495.00 from '€44.95' — returning None (site: KaruKortti)
WARNING Suspicious price 6495.00 from '€64.95' — returning None (site: KaruKortti)
WARNING Suspicious price 9995.00 from '€99.95' — returning None (site: KaruKortti)
WARNING Suspicious price 7495.00 from '€74.95' — returning None (site: KaruKortti)
WARNING Suspicious price 6795.00 from '€67.95' — returning None (site: KaruKortti)
WARNING Suspicious price 4995.00 from '€49.95' — returning None (site: KaruKortti)
WARNING Suspicious price 4995.00 from '€49.95' — returning None (site: KaruKortti)
WARNING Suspicious price 2695.00 from '€26.95' — returning None (site: KaruKortti)
WARNING Suspicious price 8495.00 from '€84.95' — returning None (site: KaruKortti)
WARNING Suspicious price 3495.00 from '€34.95' — returning None (site: KaruKortti)
WARNING Suspicious price 3990.00 from '€39.90' — returning None (site: KaruKortti)
WARNING Suspicious price 3695.00 from '€36.95' — returning None (site: KaruKortti)
WARNING Suspicious price 3995.00 from '€39.95' — returning None (site: KaruKortti)
WARNING Suspicious price 2995.00 from '€29.95' — returning None (site: KaruKortti)
WARNING Suspicious price 9995.00 from '€99.95' — returning None (site: KaruKortti)
WARNING Suspicious price 20995.00 from '€209.95' — returning None (site: KaruKortti)
WARNING Suspicious price 4495.00 from '€44.95' — returning None (site: KaruKortti)
WARNING Suspicious price 15495.00 from '€154.95' — returning None (site: KaruKortti)
WARNING Suspicious price 2495.00 from '€24.95' — returning None (site: KaruKortti)
WARNING Suspicious price 24495.00 from '€244.95' — returning None (site: KaruKortti)
WARNING Suspicious price 20995.00 from '€209.95' — returning None (site: KaruKortti)
WARNING Suspicious price 14495.00 from '€144.95' — returning None (site: KaruKortti)
WARNING Suspicious price 8495.00 from '€84.95' — returning None (site: KaruKortti)
WARNING Suspicious price 8995.00 from '€89.95' — returning None (site: KaruKortti)
WARNING Suspicious price 9995.00 from '€99.95' — returning None (site: KaruKortti)
WARNING Suspicious price 16995.00 from '€169.95' — returning None (site: KaruKortti)
WARNING Suspicious price 9995.00 from '€99.95' — returning None (site: KaruKortti)
WARNING Suspicious price 11495.00 from '€114.95' — returning None (site: KaruKortti)
WARNING Suspicious price 8495.00 from '€84.95' — returning None (site: KaruKortti)
WARNING Suspicious price 5995.00 from '€59.95' — returning None (site: KaruKortti)
WARNING Suspicious price 6995.00 from '€69.95' — returning None (site: KaruKortti)
KaruKortti                  65 listings  in_stock=25 out_of_stock=40 preorder=0 unknown=0           unknown   0.0%  presence
Keräilykortti.fi            69 listings  in_stock=30 out_of_stock=39 preorder=0 unknown=0           unknown   0.0%  container_class_map
Kevin's Hobby Shop           0 listings  in_stock=0 out_of_stock=0 preorder=0 unknown=0             unknown   0.0%  container_class_map  [HTTP 403 for https://kevinshobbyshop.com/shop/?yith_wcan=1&filter_game=pokemon&query_type_game=or&filter_product-type=sealed&query_type_product-type=or]
JR Kodintavaratalo          24 listings  in_stock=24 out_of_stock=0 preorder=0 unknown=0            unknown   0.0%  presence  [no matches: .out-of-stock]
WARNING Suspicious price 0.99 from '\n\t\t\t\t\t\t\t0,99 €\n\t\t\t\t\t\t' — returning None (site: Korttistoppi)
WARNING Suspicious price 0.99 from '\n\t\t\t\t\t\t\t0,99 €\n\t\t\t\t\t\t' — returning None (site: Korttistoppi)
Korttistoppi               358 listings  in_stock=59 out_of_stock=277 preorder=22 unknown=0         unknown   0.0%  text_map
WARNING Suspicious price 0.50 from '0.50' — returning None (site: Lelukauppa Partanen)
WARNING Suspicious price 1.50 from '1.50' — returning None (site: Lelukauppa Partanen)
WARNING Suspicious price 1.95 from '1.95' — returning None (site: Lelukauppa Partanen)
Lelukauppa Partanen         60 listings  in_stock=52 out_of_stock=8 preorder=0 unknown=0            unknown   0.0%  text_map
MaxGaming                   60 listings  in_stock=12 out_of_stock=38 preorder=10 unknown=0          unknown   0.0%  text_map
Muksumassi                  59 listings  in_stock=59 out_of_stock=0 preorder=0 unknown=0            unknown   0.0%  container_class_map
Muovi ja Lelu               35 listings  in_stock=35 out_of_stock=0 preorder=0 unknown=0            unknown   0.0%  presence
Muovitukku                  30 listings  in_stock=18 out_of_stock=12 preorder=0 unknown=0           unknown   0.0%  presence
PBCards                     12 listings  in_stock=6 out_of_stock=6 preorder=0 unknown=0             unknown   0.0%  presence
Pelikrypta (Ikamaa)          0 listings  in_stock=0 out_of_stock=0 preorder=0 unknown=0             unknown   0.0%  text_map
Pelimies                    41 listings  in_stock=35 out_of_stock=0 preorder=6 unknown=0            unknown   0.0%  text_map,presence
Peliparatiisi               85 listings  in_stock=10 out_of_stock=75 preorder=0 unknown=0           unknown   0.0%  text_map
PokePulls                   83 listings  in_stock=30 out_of_stock=53 preorder=0 unknown=0           unknown   0.0%  presence
WARNING Suspicious price 2399.00 from '2\xa0399,00\xa0€' — returning None (site: Poromagia)
WARNING Suspicious price 0.95 from '0,95\xa0€' — returning None (site: Poromagia)
WARNING Suspicious price 0.50 from '0,50\xa0€' — returning None (site: Poromagia)
WARNING Suspicious price 0.95 from '0,95\xa0€' — returning None (site: Poromagia)
WARNING No numeric value found in price text: 'TBA' (site: Poromagia)
WARNING No numeric value found in price text: 'TBA' (site: Poromagia)
Poromagia                   68 listings  in_stock=59 out_of_stock=7 preorder=2 unknown=0            unknown   0.0%  text_map,presence
WARNING Suspicious price 1.00 from '1,00 € ' — returning None (site: Porvoon Pelikauppa)
Porvoon Pelikauppa          78 listings  in_stock=67 out_of_stock=11 preorder=0 unknown=0           unknown   0.0%  presence
Prisma.fi                   34 listings  in_stock=32 out_of_stock=2 preorder=0 unknown=0            unknown   0.0%  text_map
Proshop                     19 listings  in_stock=14 out_of_stock=5 preorder=0 unknown=0            unknown   0.0%  presence
Spelparken                  83 listings  in_stock=79 out_of_stock=4 preorder=0 unknown=0            unknown   0.0%  text_map
Swagykarp                   71 listings  in_stock=49 out_of_stock=14 preorder=8 unknown=0           unknown   0.0%  text_map,container_class_map
WARNING Suspicious price 1.59 from '1,99\xa0€ 1,59\xa0€' — returning None (site: TCG-kauppa)
TCG-kauppa                 392 listings  in_stock=42 out_of_stock=350 preorder=0 unknown=0          unknown   0.0%  container_class_map
